agency_name,agency_url,agency_timezone
BKK,http://www.bkk.hu,Europe/Budapest