trip_id,stop_id,arrival_time,departure_time,stop_sequence
T1,S2,08:02:00,08:02:00,2
T1,S3,08:03:00,08:03:00,3
T1,S7,08:04:00,08:04:00,4
T2,S4,09:01:00,09:01:00,1
T2,S5,09:02:00,09:02:00,2
T2,S6,09:03:00,09:03:00,3
T2,S3,09:04:00,09:04:00,4
T2,S2,09:05:00,09:05:00,5